------------------------------------------------------------
TimeQuest Timing Analyzer Summary
------------------------------------------------------------

Type  : Slow 1200mV 85C Model Setup 'sys_clk_inst|pll_40_mhz_inst|altpll_component|auto_generated|pll1|clk[3]'
Slack : -13.825
TNS   : -504.630

Type  : Slow 1200mV 85C Model Setup 'altera_reserved_tck'
Slack : 44.181
TNS   : 0.000

Type  : Slow 1200mV 85C Model Setup 'sys_clk_inst|pll_40_mhz_inst|altpll_component|auto_generated|pll1|clk[0]'
Slack : 71.107
TNS   : 0.000

Type  : Slow 1200mV 85C Model Hold 'sys_clk_inst|pll_40_mhz_inst|altpll_component|auto_generated|pll1|clk[3]'
Slack : 0.350
TNS   : 0.000

Type  : Slow 1200mV 85C Model Hold 'altera_reserved_tck'
Slack : 0.452
TNS   : 0.000

Type  : Slow 1200mV 85C Model Hold 'sys_clk_inst|pll_40_mhz_inst|altpll_component|auto_generated|pll1|clk[0]'
Slack : 0.453
TNS   : 0.000

Type  : Slow 1200mV 85C Model Recovery 'altera_reserved_tck'
Slack : 47.527
TNS   : 0.000

Type  : Slow 1200mV 85C Model Removal 'altera_reserved_tck'
Slack : 1.717
TNS   : 0.000

Type  : Slow 1200mV 85C Model Minimum Pulse Width 'sys_clk_inst|pll_40_mhz_inst|altpll_component|auto_generated|pll1|clk[3]'
Slack : 4.331
TNS   : 0.000

Type  : Slow 1200mV 85C Model Minimum Pulse Width 'IN_CLK'
Slack : 12.385
TNS   : 0.000

Type  : Slow 1200mV 85C Model Minimum Pulse Width 'sys_clk_inst|pll_40_mhz_inst|altpll_component|auto_generated|pll1|clk[0]'
Slack : 36.756
TNS   : 0.000

Type  : Slow 1200mV 85C Model Minimum Pulse Width 'altera_reserved_tck'
Slack : 49.457
TNS   : 0.000

Type  : Slow 1200mV 0C Model Setup 'sys_clk_inst|pll_40_mhz_inst|altpll_component|auto_generated|pll1|clk[3]'
Slack : -11.713
TNS   : -398.360

Type  : Slow 1200mV 0C Model Setup 'altera_reserved_tck'
Slack : 44.594
TNS   : 0.000

Type  : Slow 1200mV 0C Model Setup 'sys_clk_inst|pll_40_mhz_inst|altpll_component|auto_generated|pll1|clk[0]'
Slack : 71.359
TNS   : 0.000

Type  : Slow 1200mV 0C Model Hold 'sys_clk_inst|pll_40_mhz_inst|altpll_component|auto_generated|pll1|clk[3]'
Slack : 0.336
TNS   : 0.000

Type  : Slow 1200mV 0C Model Hold 'altera_reserved_tck'
Slack : 0.401
TNS   : 0.000

Type  : Slow 1200mV 0C Model Hold 'sys_clk_inst|pll_40_mhz_inst|altpll_component|auto_generated|pll1|clk[0]'
Slack : 0.401
TNS   : 0.000

Type  : Slow 1200mV 0C Model Recovery 'altera_reserved_tck'
Slack : 47.821
TNS   : 0.000

Type  : Slow 1200mV 0C Model Removal 'altera_reserved_tck'
Slack : 1.561
TNS   : 0.000

Type  : Slow 1200mV 0C Model Minimum Pulse Width 'sys_clk_inst|pll_40_mhz_inst|altpll_component|auto_generated|pll1|clk[3]'
Slack : 4.302
TNS   : 0.000

Type  : Slow 1200mV 0C Model Minimum Pulse Width 'IN_CLK'
Slack : 12.383
TNS   : 0.000

Type  : Slow 1200mV 0C Model Minimum Pulse Width 'sys_clk_inst|pll_40_mhz_inst|altpll_component|auto_generated|pll1|clk[0]'
Slack : 36.755
TNS   : 0.000

Type  : Slow 1200mV 0C Model Minimum Pulse Width 'altera_reserved_tck'
Slack : 49.326
TNS   : 0.000

Type  : Fast 1200mV 0C Model Setup 'sys_clk_inst|pll_40_mhz_inst|altpll_component|auto_generated|pll1|clk[3]'
Slack : -0.573
TNS   : -8.147

Type  : Fast 1200mV 0C Model Setup 'altera_reserved_tck'
Slack : 47.828
TNS   : 0.000

Type  : Fast 1200mV 0C Model Setup 'sys_clk_inst|pll_40_mhz_inst|altpll_component|auto_generated|pll1|clk[0]'
Slack : 72.814
TNS   : 0.000

Type  : Fast 1200mV 0C Model Hold 'sys_clk_inst|pll_40_mhz_inst|altpll_component|auto_generated|pll1|clk[3]'
Slack : 0.112
TNS   : 0.000

Type  : Fast 1200mV 0C Model Hold 'altera_reserved_tck'
Slack : 0.186
TNS   : 0.000

Type  : Fast 1200mV 0C Model Hold 'sys_clk_inst|pll_40_mhz_inst|altpll_component|auto_generated|pll1|clk[0]'
Slack : 0.186
TNS   : 0.000

Type  : Fast 1200mV 0C Model Recovery 'altera_reserved_tck'
Slack : 49.267
TNS   : 0.000

Type  : Fast 1200mV 0C Model Removal 'altera_reserved_tck'
Slack : 0.727
TNS   : 0.000

Type  : Fast 1200mV 0C Model Minimum Pulse Width 'sys_clk_inst|pll_40_mhz_inst|altpll_component|auto_generated|pll1|clk[3]'
Slack : 4.364
TNS   : 0.000

Type  : Fast 1200mV 0C Model Minimum Pulse Width 'IN_CLK'
Slack : 11.947
TNS   : 0.000

Type  : Fast 1200mV 0C Model Minimum Pulse Width 'sys_clk_inst|pll_40_mhz_inst|altpll_component|auto_generated|pll1|clk[0]'
Slack : 36.834
TNS   : 0.000

Type  : Fast 1200mV 0C Model Minimum Pulse Width 'altera_reserved_tck'
Slack : 49.276
TNS   : 0.000

------------------------------------------------------------
