------------------------------------------------------------
TimeQuest Timing Analyzer Summary
------------------------------------------------------------

Type  : Slow 1200mV 85C Model Setup 'sys_clk_inst|pll_40_mhz_inst|altpll_component|auto_generated|pll1|clk[3]'
Slack : -14.321
TNS   : -644.209

Type  : Slow 1200mV 85C Model Setup 'altera_reserved_tck'
Slack : 44.348
TNS   : 0.000

Type  : Slow 1200mV 85C Model Setup 'sys_clk_inst|pll_40_mhz_inst|altpll_component|auto_generated|pll1|clk[0]'
Slack : 71.251
TNS   : 0.000

Type  : Slow 1200mV 85C Model Hold 'sys_clk_inst|pll_40_mhz_inst|altpll_component|auto_generated|pll1|clk[3]'
Slack : 0.427
TNS   : 0.000

Type  : Slow 1200mV 85C Model Hold 'altera_reserved_tck'
Slack : 0.452
TNS   : 0.000

Type  : Slow 1200mV 85C Model Hold 'sys_clk_inst|pll_40_mhz_inst|altpll_component|auto_generated|pll1|clk[0]'
Slack : 0.454
TNS   : 0.000

Type  : Slow 1200mV 85C Model Recovery 'altera_reserved_tck'
Slack : 47.394
TNS   : 0.000

Type  : Slow 1200mV 85C Model Removal 'altera_reserved_tck'
Slack : 1.128
TNS   : 0.000

Type  : Slow 1200mV 85C Model Minimum Pulse Width 'sys_clk_inst|pll_40_mhz_inst|altpll_component|auto_generated|pll1|clk[3]'
Slack : 4.325
TNS   : 0.000

Type  : Slow 1200mV 85C Model Minimum Pulse Width 'IN_CLK'
Slack : 12.385
TNS   : 0.000

Type  : Slow 1200mV 85C Model Minimum Pulse Width 'sys_clk_inst|pll_40_mhz_inst|altpll_component|auto_generated|pll1|clk[0]'
Slack : 36.760
TNS   : 0.000

Type  : Slow 1200mV 85C Model Minimum Pulse Width 'altera_reserved_tck'
Slack : 49.406
TNS   : 0.000

Type  : Slow 1200mV 0C Model Setup 'sys_clk_inst|pll_40_mhz_inst|altpll_component|auto_generated|pll1|clk[3]'
Slack : -12.179
TNS   : -514.879

Type  : Slow 1200mV 0C Model Setup 'altera_reserved_tck'
Slack : 44.823
TNS   : 0.000

Type  : Slow 1200mV 0C Model Setup 'sys_clk_inst|pll_40_mhz_inst|altpll_component|auto_generated|pll1|clk[0]'
Slack : 71.475
TNS   : 0.000

Type  : Slow 1200mV 0C Model Hold 'sys_clk_inst|pll_40_mhz_inst|altpll_component|auto_generated|pll1|clk[3]'
Slack : 0.400
TNS   : 0.000

Type  : Slow 1200mV 0C Model Hold 'altera_reserved_tck'
Slack : 0.401
TNS   : 0.000

Type  : Slow 1200mV 0C Model Hold 'sys_clk_inst|pll_40_mhz_inst|altpll_component|auto_generated|pll1|clk[0]'
Slack : 0.402
TNS   : 0.000

Type  : Slow 1200mV 0C Model Recovery 'altera_reserved_tck'
Slack : 47.704
TNS   : 0.000

Type  : Slow 1200mV 0C Model Removal 'altera_reserved_tck'
Slack : 1.030
TNS   : 0.000

Type  : Slow 1200mV 0C Model Minimum Pulse Width 'sys_clk_inst|pll_40_mhz_inst|altpll_component|auto_generated|pll1|clk[3]'
Slack : 4.294
TNS   : 0.000

Type  : Slow 1200mV 0C Model Minimum Pulse Width 'IN_CLK'
Slack : 12.383
TNS   : 0.000

Type  : Slow 1200mV 0C Model Minimum Pulse Width 'sys_clk_inst|pll_40_mhz_inst|altpll_component|auto_generated|pll1|clk[0]'
Slack : 36.758
TNS   : 0.000

Type  : Slow 1200mV 0C Model Minimum Pulse Width 'altera_reserved_tck'
Slack : 49.291
TNS   : 0.000

Type  : Fast 1200mV 0C Model Setup 'sys_clk_inst|pll_40_mhz_inst|altpll_component|auto_generated|pll1|clk[3]'
Slack : -0.884
TNS   : -18.680

Type  : Fast 1200mV 0C Model Setup 'altera_reserved_tck'
Slack : 47.736
TNS   : 0.000

Type  : Fast 1200mV 0C Model Setup 'sys_clk_inst|pll_40_mhz_inst|altpll_component|auto_generated|pll1|clk[0]'
Slack : 72.872
TNS   : 0.000

Type  : Fast 1200mV 0C Model Hold 'sys_clk_inst|pll_40_mhz_inst|altpll_component|auto_generated|pll1|clk[3]'
Slack : 0.147
TNS   : 0.000

Type  : Fast 1200mV 0C Model Hold 'altera_reserved_tck'
Slack : 0.187
TNS   : 0.000

Type  : Fast 1200mV 0C Model Hold 'sys_clk_inst|pll_40_mhz_inst|altpll_component|auto_generated|pll1|clk[0]'
Slack : 0.187
TNS   : 0.000

Type  : Fast 1200mV 0C Model Recovery 'altera_reserved_tck'
Slack : 49.082
TNS   : 0.000

Type  : Fast 1200mV 0C Model Removal 'altera_reserved_tck'
Slack : 0.494
TNS   : 0.000

Type  : Fast 1200mV 0C Model Minimum Pulse Width 'sys_clk_inst|pll_40_mhz_inst|altpll_component|auto_generated|pll1|clk[3]'
Slack : 4.364
TNS   : 0.000

Type  : Fast 1200mV 0C Model Minimum Pulse Width 'IN_CLK'
Slack : 11.947
TNS   : 0.000

Type  : Fast 1200mV 0C Model Minimum Pulse Width 'sys_clk_inst|pll_40_mhz_inst|altpll_component|auto_generated|pll1|clk[0]'
Slack : 36.835
TNS   : 0.000

Type  : Fast 1200mV 0C Model Minimum Pulse Width 'altera_reserved_tck'
Slack : 49.289
TNS   : 0.000

------------------------------------------------------------
